// Package line 1 group 1
// Package line 2 group 1

// Package line 1 - group 2
// Package line 2 - group 2
package comments

// Emit line 1 group 1

// Emit line 1 group 2
// Emit line 2 group 2
{
	// Inside Emit
}

a: 3 // a line comment

b:  4   // line comment that is last in the file.
cc: 555 // align comments

// don't simplify
a: {
	b: 2
}

// simplify
a: {
	b: c: d: 1
}

// unchanged
a: b: [1]

// don't simplify
a: b: c: 2

// rewrite okay
a: b: c: d: 2

m: {
}
m: {
	// empty with comment
}
