a: 0e+1
a: 0e1
a: 0e+1
a: 0e1
a: 0.3e+1
a: 0.3e+1
a: 0.3
a: 3.0
a: 3.0T
a: 3.0e100

s: """
	x\"\"\"
	"""
